BL51 BANKED LINKER/LOCATER V6.22                                                        05/14/2014  11:55:24  PAGE 1


BL51 BANKED LINKER/LOCATER V6.22, INVOKED BY:
D:\KEIL\C51\BIN\BL51.EXE ..\..\..\com\Debug\STARTUP.obj, ..\..\..\com\Debug\main.obj TO ..\..\..\com\Debug\mcu_test PRIN
>> T (.\mcu_test.m51) RAMSIZE (256)


MEMORY MODEL: SMALL


INPUT MODULES INCLUDED:
  ..\..\..\com\Debug\STARTUP.obj (?C_STARTUP)
  ..\..\..\com\Debug\main.obj (MAIN)


LINK MAP OF MODULE:  ..\..\..\com\Debug\mcu_test (?C_STARTUP)


            TYPE    BASE      LENGTH    RELOCATION   SEGMENT NAME
            -----------------------------------------------------

            * * * * * * *   D A T A   M E M O R Y   * * * * * * *
            REG     0000H     0008H     ABSOLUTE     "REG BANK 0"
            IDATA   0008H     0001H     UNIT         ?STACK

            * * * * * * *   C O D E   M E M O R Y   * * * * * * *
            CODE    0000H     0003H     ABSOLUTE     
            CODE    0003H     0024H     UNIT         ?PR?MAIN?MAIN
            CODE    0027H     0024H     UNIT         ?PR?_MUL?MAIN
            CODE    004BH     000CH     UNIT         ?C_C51STARTUP



OVERLAY MAP OF MODULE:   ..\..\..\com\Debug\mcu_test (?C_STARTUP)


SEGMENT
  +--> CALLED SEGMENT
---------------------
?C_C51STARTUP
  +--> ?PR?MAIN?MAIN

?PR?MAIN?MAIN
  +--> ?PR?_MUL?MAIN



SYMBOL TABLE OF MODULE:  ..\..\..\com\Debug\mcu_test (?C_STARTUP)

  VALUE           TYPE          NAME
  ----------------------------------

  -------         MODULE        ?C_STARTUP
  C:004BH         SEGMENT       ?C_C51STARTUP
  I:0008H         SEGMENT       ?STACK
  C:0000H         PUBLIC        ?C_STARTUP
  D:00E0H         SYMBOL        ACC
  D:00F0H         SYMBOL        B
  D:0083H         SYMBOL        DPH
  D:0082H         SYMBOL        DPL
BL51 BANKED LINKER/LOCATER V6.22                                                      05/14/2014  11:55:24  PAGE 2


  N:0000H         SYMBOL        IBPSTACK
  N:0100H         SYMBOL        IBPSTACKTOP
  N:0080H         SYMBOL        IDATALEN
  C:004EH         SYMBOL        IDATALOOP
  N:0000H         SYMBOL        PBPSTACK
  N:0100H         SYMBOL        PBPSTACKTOP
  N:0000H         SYMBOL        PDATALEN
  N:0000H         SYMBOL        PDATASTART
  N:0000H         SYMBOL        PPAGE
  N:0000H         SYMBOL        PPAGEENABLE
  D:00A0H         SYMBOL        PPAGE_SFR
  D:0081H         SYMBOL        SP
  C:004BH         SYMBOL        STARTUP1
  N:0000H         SYMBOL        XBPSTACK
  N:0000H         SYMBOL        XBPSTACKTOP
  N:0000H         SYMBOL        XDATALEN
  N:0000H         SYMBOL        XDATASTART
  C:0000H         LINE#         126
  C:004BH         LINE#         133
  C:004DH         LINE#         134
  C:004EH         LINE#         135
  C:004FH         LINE#         136
  C:0051H         LINE#         185
  C:0054H         LINE#         196
  -------         ENDMOD        ?C_STARTUP

  -------         MODULE        MAIN
  C:0000H         SYMBOL        _ICE_DUMMY_
  D:0080H         PUBLIC        P0
  C:0003H         PUBLIC        main
  D:00E9H         PUBLIC        MD0
  D:00EAH         PUBLIC        MD1
  D:00EDH         PUBLIC        MD4
  D:00EEH         PUBLIC        MD5
  C:0027H         PUBLIC        _MUL
  D:00EFH         PUBLIC        ARCON
  -------         PROC          MAIN
  C:0003H         LINE#         6
  C:0003H         LINE#         7
  C:0003H         LINE#         9
  C:0009H         LINE#         10
  C:000EH         LINE#         12
  C:001DH         LINE#         13
  C:001DH         LINE#         14
  C:0020H         LINE#         15
  C:0022H         LINE#         17
  C:0022H         LINE#         18
  C:0025H         LINE#         19
  C:0025H         LINE#         20
  C:0025H         LINE#         21
  C:0025H         LINE#         23
  -------         ENDPROC       MAIN
  -------         PROC          _MUL
  D:0006H         SYMBOL        a
  D:0004H         SYMBOL        b
  -------         DO            
  D:0002H         SYMBOL        result
BL51 BANKED LINKER/LOCATER V6.22                                                      05/14/2014  11:55:24  PAGE 3


  -------         ENDDO         
  C:0027H         LINE#         37
  C:0027H         LINE#         38
  C:0027H         LINE#         39
  C:002AH         LINE#         40
  C:002DH         LINE#         41
  C:0030H         LINE#         42
  C:0033H         LINE#         43
  C:0036H         LINE#         44
  C:003EH         LINE#         45
  C:0042H         LINE#         46
  C:0046H         LINE#         47
  C:004AH         LINE#         49
  -------         ENDPROC       _MUL
  -------         ENDMOD        MAIN

Program Size: data=9.0 xdata=0 code=87
LINK/LOCATE RUN COMPLETE.  0 WARNING(S),  0 ERROR(S)
