BL51 BANKED LINKER/LOCATER V6.22                                                        04/28/2014  10:44:46  PAGE 1


BL51 BANKED LINKER/LOCATER V6.22, INVOKED BY:
D:\KEIL\C51\BIN\BL51.EXE STARTUP.obj, main.obj TO first_proj RAMSIZE (256)


MEMORY MODEL: SMALL


INPUT MODULES INCLUDED:
  STARTUP.obj (?C_STARTUP)
  main.obj (MAIN)


LINK MAP OF MODULE:  first_proj (?C_STARTUP)


            TYPE    BASE      LENGTH    RELOCATION   SEGMENT NAME
            -----------------------------------------------------

            * * * * * * *   D A T A   M E M O R Y   * * * * * * *
            REG     0000H     0008H     ABSOLUTE     "REG BANK 0"
            IDATA   0008H     0001H     UNIT         ?STACK

            * * * * * * *   C O D E   M E M O R Y   * * * * * * *
            CODE    0000H     0003H     ABSOLUTE     
            CODE    0003H     001EH     UNIT         ?PR?MAIN?MAIN
            CODE    0021H     0012H     UNIT         ?PR?_DELAY_1US?MAIN
            CODE    0033H     000CH     UNIT         ?C_C51STARTUP



OVERLAY MAP OF MODULE:   first_proj (?C_STARTUP)


SEGMENT
  +--> CALLED SEGMENT
---------------------
?C_C51STARTUP
  +--> ?PR?MAIN?MAIN



SYMBOL TABLE OF MODULE:  first_proj (?C_STARTUP)

  VALUE           TYPE          NAME
  ----------------------------------

  -------         MODULE        ?C_STARTUP
  C:0033H         SEGMENT       ?C_C51STARTUP
  I:0008H         SEGMENT       ?STACK
  C:0000H         PUBLIC        ?C_STARTUP
  D:00E0H         SYMBOL        ACC
  D:00F0H         SYMBOL        B
  D:0083H         SYMBOL        DPH
  D:0082H         SYMBOL        DPL
  N:0000H         SYMBOL        IBPSTACK
  N:0100H         SYMBOL        IBPSTACKTOP
  N:0080H         SYMBOL        IDATALEN
  C:0036H         SYMBOL        IDATALOOP
BL51 BANKED LINKER/LOCATER V6.22                                                      04/28/2014  10:44:46  PAGE 2


  N:0000H         SYMBOL        PBPSTACK
  N:0100H         SYMBOL        PBPSTACKTOP
  N:0000H         SYMBOL        PDATALEN
  N:0000H         SYMBOL        PDATASTART
  N:0000H         SYMBOL        PPAGE
  N:0000H         SYMBOL        PPAGEENABLE
  D:00A0H         SYMBOL        PPAGE_SFR
  D:0081H         SYMBOL        SP
  C:0033H         SYMBOL        STARTUP1
  N:0000H         SYMBOL        XBPSTACK
  N:0000H         SYMBOL        XBPSTACKTOP
  N:0000H         SYMBOL        XDATALEN
  N:0000H         SYMBOL        XDATASTART
  C:0000H         LINE#         126
  C:0033H         LINE#         133
  C:0035H         LINE#         134
  C:0036H         LINE#         135
  C:0037H         LINE#         136
  C:0039H         LINE#         185
  C:003CH         LINE#         196
  -------         ENDMOD        ?C_STARTUP

  -------         MODULE        MAIN
  C:0000H         SYMBOL        _ICE_DUMMY_
  D:00A0H         PUBLIC        P2
  C:0021H         PUBLIC        _delay_1us
  C:0003H         PUBLIC        main
  -------         PROC          MAIN
  C:0003H         LINE#         5
  C:0003H         LINE#         6
  C:0003H         LINE#         7
  C:0009H         LINE#         8
  C:000EH         LINE#         9
  C:0014H         LINE#         10
  C:0019H         LINE#         15
  C:0019H         LINE#         16
  C:0019H         LINE#         17
  C:001CH         LINE#         18
  C:001FH         LINE#         23
  -------         ENDPROC       MAIN
  -------         PROC          _DELAY_1US
  D:0006H         SYMBOL        num
  -------         DO            
  D:0004H         SYMBOL        i
  -------         ENDDO         
  C:0021H         LINE#         26
  C:0021H         LINE#         27
  C:0021H         LINE#         29
  C:0032H         LINE#         30
  -------         ENDPROC       _DELAY_1US
  -------         ENDMOD        MAIN

*** WARNING L16: UNCALLED SEGMENT, IGNORED FOR OVERLAY PROCESS
    SEGMENT: ?PR?_DELAY_1US?MAIN

Program Size: data=9.0 xdata=0 code=63
LINK/LOCATE RUN COMPLETE.  1 WARNING(S),  0 ERROR(S)
