BL51 BANKED LINKER/LOCATER V6.22                                                        05/12/2014  13:03:46  PAGE 1


BL51 BANKED LINKER/LOCATER V6.22, INVOKED BY:
D:\KEIL\C51\BIN\BL51.EXE ..\..\..\com\Debug\STARTUP.obj, ..\..\..\com\Debug\main.obj TO ..\..\..\com\Debug\mcu_test PRIN
>> T (.\mcu_test.m51) RAMSIZE (256)


MEMORY MODEL: SMALL


INPUT MODULES INCLUDED:
  ..\..\..\com\Debug\STARTUP.obj (?C_STARTUP)
  ..\..\..\com\Debug\main.obj (MAIN)


LINK MAP OF MODULE:  ..\..\..\com\Debug\mcu_test (?C_STARTUP)


            TYPE    BASE      LENGTH    RELOCATION   SEGMENT NAME
            -----------------------------------------------------

            * * * * * * *   D A T A   M E M O R Y   * * * * * * *
            REG     0000H     0008H     ABSOLUTE     "REG BANK 0"
            IDATA   0008H     0001H     UNIT         ?STACK

            * * * * * * *   C O D E   M E M O R Y   * * * * * * *
            CODE    0000H     0003H     ABSOLUTE     
            CODE    0003H     000CH     UNIT         ?C_C51STARTUP
            CODE    000FH     000AH     UNIT         ?PR?TIMER0?MAIN
                    0019H     0002H                  *** GAP ***
            CODE    001BH     0003H     ABSOLUTE     
            CODE    001EH     001CH     UNIT         ?PR?MAIN?MAIN



OVERLAY MAP OF MODULE:   ..\..\..\com\Debug\mcu_test (?C_STARTUP)


SEGMENT
  +--> CALLED SEGMENT
---------------------
?C_C51STARTUP
  +--> ?PR?MAIN?MAIN



SYMBOL TABLE OF MODULE:  ..\..\..\com\Debug\mcu_test (?C_STARTUP)

  VALUE           TYPE          NAME
  ----------------------------------

  -------         MODULE        ?C_STARTUP
  C:0003H         SEGMENT       ?C_C51STARTUP
  I:0008H         SEGMENT       ?STACK
  C:0000H         PUBLIC        ?C_STARTUP
  D:00E0H         SYMBOL        ACC
  D:00F0H         SYMBOL        B
  D:0083H         SYMBOL        DPH
  D:0082H         SYMBOL        DPL
  N:0000H         SYMBOL        IBPSTACK
BL51 BANKED LINKER/LOCATER V6.22                                                      05/12/2014  13:03:46  PAGE 2


  N:0100H         SYMBOL        IBPSTACKTOP
  N:0080H         SYMBOL        IDATALEN
  C:0006H         SYMBOL        IDATALOOP
  N:0000H         SYMBOL        PBPSTACK
  N:0100H         SYMBOL        PBPSTACKTOP
  N:0000H         SYMBOL        PDATALEN
  N:0000H         SYMBOL        PDATASTART
  N:0000H         SYMBOL        PPAGE
  N:0000H         SYMBOL        PPAGEENABLE
  D:00A0H         SYMBOL        PPAGE_SFR
  D:0081H         SYMBOL        SP
  C:0003H         SYMBOL        STARTUP1
  N:0000H         SYMBOL        XBPSTACK
  N:0000H         SYMBOL        XBPSTACKTOP
  N:0000H         SYMBOL        XDATALEN
  N:0000H         SYMBOL        XDATASTART
  C:0000H         LINE#         126
  C:0003H         LINE#         133
  C:0005H         LINE#         134
  C:0006H         LINE#         135
  C:0007H         LINE#         136
  C:0009H         LINE#         185
  C:000CH         LINE#         196
  -------         ENDMOD        ?C_STARTUP

  -------         MODULE        MAIN
  C:0000H         SYMBOL        _ICE_DUMMY_
  D:0080H         PUBLIC        P0
  C:001EH         PUBLIC        main
  D:0089H         PUBLIC        TMOD
  B:00A8H.3       PUBLIC        ET1
  D:008DH         PUBLIC        TH1
  D:008BH         PUBLIC        TL1
  B:00A8H.7       PUBLIC        EAL
  C:000FH         PUBLIC        timer0
  B:0088H.6       PUBLIC        TR1
  -------         PROC          MAIN
  C:001EH         LINE#         5
  C:001EH         LINE#         6
  C:001EH         LINE#         7
  C:0024H         LINE#         8
  C:0029H         LINE#         9
  C:002CH         LINE#         11
  C:002FH         LINE#         12
  C:0032H         LINE#         16
  C:0034H         LINE#         17
  C:0036H         LINE#         18
  C:0038H         LINE#         23
  C:0038H         LINE#         24
  C:0038H         LINE#         26
  -------         ENDPROC       MAIN
  -------         PROC          TIMER0
  C:000FH         LINE#         28
  C:000FH         LINE#         30
  C:0012H         LINE#         31
  C:0015H         LINE#         32
  C:0018H         LINE#         34
BL51 BANKED LINKER/LOCATER V6.22                                                      05/12/2014  13:03:46  PAGE 3


  -------         ENDPROC       TIMER0
  -------         ENDMOD        MAIN

Program Size: data=9.0 xdata=0 code=56
LINK/LOCATE RUN COMPLETE.  0 WARNING(S),  0 ERROR(S)
