BL51 BANKED LINKER/LOCATER V6.22                                                        04/12/2014  15:35:01  PAGE 1


BL51 BANKED LINKER/LOCATER V6.22, INVOKED BY:
C:\KEIL\C51\BIN\BL51.EXE STARTUP.obj, main.obj TO first_proj RAMSIZE (256)


MEMORY MODEL: LARGE


INPUT MODULES INCLUDED:
  STARTUP.obj (?C_STARTUP)
  main.obj (MAIN)


LINK MAP OF MODULE:  first_proj (?C_STARTUP)


            TYPE    BASE      LENGTH    RELOCATION   SEGMENT NAME
            -----------------------------------------------------

            * * * * * * *   D A T A   M E M O R Y   * * * * * * *
            REG     0000H     0008H     ABSOLUTE     "REG BANK 0"
            IDATA   0008H     0001H     UNIT         ?STACK

            * * * * * * *   C O D E   M E M O R Y   * * * * * * *
            CODE    0000H     0003H     ABSOLUTE     
                    0003H     07FDH                  *** GAP ***
            CODE    0800H     0017H     UNIT         ?PR?MAIN?MAIN
            CODE    0817H     000CH     UNIT         ?C_C51STARTUP



OVERLAY MAP OF MODULE:   first_proj (?C_STARTUP)


SEGMENT
  +--> CALLED SEGMENT
---------------------
?C_C51STARTUP
  +--> ?PR?MAIN?MAIN



SYMBOL TABLE OF MODULE:  first_proj (?C_STARTUP)

  VALUE           TYPE          NAME
  ----------------------------------

  -------         MODULE        ?C_STARTUP
  C:0817H         SEGMENT       ?C_C51STARTUP
  I:0008H         SEGMENT       ?STACK
  C:0000H         PUBLIC        ?C_STARTUP
  D:00E0H         SYMBOL        ACC
  D:00F0H         SYMBOL        B
  D:0083H         SYMBOL        DPH
  D:0082H         SYMBOL        DPL
  N:0000H         SYMBOL        IBPSTACK
  N:0100H         SYMBOL        IBPSTACKTOP
  N:0080H         SYMBOL        IDATALEN
  C:081AH         SYMBOL        IDATALOOP
BL51 BANKED LINKER/LOCATER V6.22                                                      04/12/2014  15:35:01  PAGE 2


  N:0000H         SYMBOL        PBPSTACK
  N:0100H         SYMBOL        PBPSTACKTOP
  N:0000H         SYMBOL        PDATALEN
  N:0000H         SYMBOL        PDATASTART
  N:0000H         SYMBOL        PPAGE
  N:0000H         SYMBOL        PPAGEENABLE
  D:00A0H         SYMBOL        PPAGE_SFR
  D:0081H         SYMBOL        SP
  C:0817H         SYMBOL        STARTUP1
  N:0000H         SYMBOL        XBPSTACK
  N:0000H         SYMBOL        XBPSTACKTOP
  N:0000H         SYMBOL        XDATALEN
  N:0000H         SYMBOL        XDATASTART
  C:0000H         LINE#         126
  C:0817H         LINE#         133
  C:0819H         LINE#         134
  C:081AH         LINE#         135
  C:081BH         LINE#         136
  C:081DH         LINE#         185
  C:0820H         LINE#         196
  -------         ENDMOD        ?C_STARTUP

  -------         MODULE        MAIN
  C:0000H         SYMBOL        _ICE_DUMMY_
  D:0080H         PUBLIC        P0
  D:0090H         PUBLIC        P1
  D:00A0H         PUBLIC        P2
  D:00B0H         PUBLIC        P3
  C:0800H         PUBLIC        main
  -------         PROC          MAIN
  C:0800H         LINE#         3
  C:0800H         LINE#         4
  C:0800H         LINE#         9
  C:0800H         LINE#         10
  C:0800H         LINE#         11
  C:0803H         LINE#         12
  C:0805H         LINE#         13
  C:0807H         LINE#         14
  C:0809H         LINE#         15
  C:080CH         LINE#         16
  C:080FH         LINE#         17
  C:0812H         LINE#         18
  C:0815H         LINE#         19
  -------         ENDPROC       MAIN
  -------         ENDMOD        MAIN

******************************************************************************
* RESTRICTED VERSION WITH 0800H BYTE CODE SIZE LIMIT; USED: 0026H BYTE ( 1%) *
******************************************************************************

Program Size: data=9.0 xdata=0 code=38
LINK/LOCATE RUN COMPLETE.  0 WARNING(S),  0 ERROR(S)
