BL51 BANKED LINKER/LOCATER V6.22                                                        05/19/2014  10:59:14  PAGE 1


BL51 BANKED LINKER/LOCATER V6.22, INVOKED BY:
D:\KEIL\C51\BIN\BL51.EXE ..\..\..\com\Debug\STARTUP.obj, ..\..\..\com\Debug\main.obj TO ..\..\..\com\Debug\mcu_test PRIN
>> T (.\mcu_test.m51) RAMSIZE (256)


MEMORY MODEL: SMALL


INPUT MODULES INCLUDED:
  ..\..\..\com\Debug\STARTUP.obj (?C_STARTUP)
  ..\..\..\com\Debug\main.obj (MAIN)


LINK MAP OF MODULE:  ..\..\..\com\Debug\mcu_test (?C_STARTUP)


            TYPE    BASE      LENGTH    RELOCATION   SEGMENT NAME
            -----------------------------------------------------

            * * * * * * *   D A T A   M E M O R Y   * * * * * * *
            REG     0000H     0008H     ABSOLUTE     "REG BANK 0"
            IDATA   0008H     0001H     UNIT         ?STACK

            * * * * * * *   C O D E   M E M O R Y   * * * * * * *
            CODE    0000H     0003H     ABSOLUTE     
            CODE    0003H     0015H     UNIT         ?PR?MAIN?MAIN
            CODE    0018H     000CH     UNIT         ?C_C51STARTUP
            CODE    0024H     0009H     UNIT         ?PR?_SENDI2CBYTE?MAIN
            CODE    002DH     0007H     UNIT         ?PR?I2C_INIT?MAIN



OVERLAY MAP OF MODULE:   ..\..\..\com\Debug\mcu_test (?C_STARTUP)


SEGMENT
  +--> CALLED SEGMENT
---------------------
?C_C51STARTUP
  +--> ?PR?MAIN?MAIN

?PR?MAIN?MAIN
  +--> ?PR?I2C_INIT?MAIN
  +--> ?PR?_SENDI2CBYTE?MAIN



SYMBOL TABLE OF MODULE:  ..\..\..\com\Debug\mcu_test (?C_STARTUP)

  VALUE           TYPE          NAME
  ----------------------------------

  -------         MODULE        ?C_STARTUP
  C:0018H         SEGMENT       ?C_C51STARTUP
  I:0008H         SEGMENT       ?STACK
  C:0000H         PUBLIC        ?C_STARTUP
  D:00E0H         SYMBOL        ACC
  D:00F0H         SYMBOL        B
BL51 BANKED LINKER/LOCATER V6.22                                                      05/19/2014  10:59:14  PAGE 2


  D:0083H         SYMBOL        DPH
  D:0082H         SYMBOL        DPL
  N:0000H         SYMBOL        IBPSTACK
  N:0100H         SYMBOL        IBPSTACKTOP
  N:0080H         SYMBOL        IDATALEN
  C:001BH         SYMBOL        IDATALOOP
  N:0000H         SYMBOL        PBPSTACK
  N:0100H         SYMBOL        PBPSTACKTOP
  N:0000H         SYMBOL        PDATALEN
  N:0000H         SYMBOL        PDATASTART
  N:0000H         SYMBOL        PPAGE
  N:0000H         SYMBOL        PPAGEENABLE
  D:00A0H         SYMBOL        PPAGE_SFR
  D:0081H         SYMBOL        SP
  C:0018H         SYMBOL        STARTUP1
  N:0000H         SYMBOL        XBPSTACK
  N:0000H         SYMBOL        XBPSTACKTOP
  N:0000H         SYMBOL        XDATALEN
  N:0000H         SYMBOL        XDATASTART
  C:0000H         LINE#         126
  C:0018H         LINE#         133
  C:001AH         LINE#         134
  C:001BH         LINE#         135
  C:001CH         LINE#         136
  C:001EH         LINE#         185
  C:0021H         LINE#         196
  -------         ENDMOD        ?C_STARTUP

  -------         MODULE        MAIN
  C:0000H         SYMBOL        _ICE_DUMMY_
  D:00DAH         PUBLIC        I2CDAT
  D:00DCH         PUBLIC        I2CCON
  C:0003H         PUBLIC        main
  D:00DDH         PUBLIC        I2CSTA
  C:002DH         PUBLIC        I2C_init
  C:0024H         PUBLIC        _SendI2CByte
  -------         PROC          MAIN
  C:0003H         LINE#         7
  C:0003H         LINE#         8
  C:0003H         LINE#         9
  C:0009H         LINE#         10
  C:000EH         LINE#         24
  C:0011H         LINE#         25
  C:0016H         LINE#         27
  C:0016H         LINE#         28
  C:0016H         LINE#         30
  -------         ENDPROC       MAIN
  -------         PROC          I2C_INIT
  C:002DH         LINE#         39
  C:002DH         LINE#         40
  C:002DH         LINE#         41
  C:0030H         LINE#         42
  C:0033H         LINE#         43
  -------         ENDPROC       I2C_INIT
  -------         PROC          _SENDI2CBYTE
  D:0007H         SYMBOL        c
  C:0024H         LINE#         44
BL51 BANKED LINKER/LOCATER V6.22                                                      05/19/2014  10:59:14  PAGE 3


  C:0024H         LINE#         45
  C:0024H         LINE#         47
  C:0026H         LINE#         49
  C:0029H         LINE#         55
  C:002CH         LINE#         56
  -------         ENDPROC       _SENDI2CBYTE
  -------         ENDMOD        MAIN

Program Size: data=9.0 xdata=0 code=52
LINK/LOCATE RUN COMPLETE.  0 WARNING(S),  0 ERROR(S)
