BL51 BANKED LINKER/LOCATER V6.22                                                        05/14/2015  16:23:27  PAGE 1


BL51 BANKED LINKER/LOCATER V6.22, INVOKED BY:
C:\KEIL\C51\BIN\BL51.EXE ..\..\com\Debug\STARTUP.obj, ..\..\com\Debug\main.obj TO ..\..\com\Debug\mcu_test PRINT (.\mcu_
>> test.m51) RAMSIZE (256)


MEMORY MODEL: SMALL


INPUT MODULES INCLUDED:
  ..\..\com\Debug\STARTUP.obj (?C_STARTUP)
  ..\..\com\Debug\main.obj (MAIN)


LINK MAP OF MODULE:  ..\..\com\Debug\mcu_test (?C_STARTUP)


            TYPE    BASE      LENGTH    RELOCATION   SEGMENT NAME
            -----------------------------------------------------

            * * * * * * *   D A T A   M E M O R Y   * * * * * * *
            REG     0000H     0008H     ABSOLUTE     "REG BANK 0"
            IDATA   0008H     0001H     UNIT         ?STACK

            * * * * * * *   C O D E   M E M O R Y   * * * * * * *
            CODE    0000H     0003H     ABSOLUTE     
                    0003H     07FDH                  *** GAP ***
            CODE    0800H     0034H     UNIT         ?PR?MAIN?MAIN
            CODE    0834H     0012H     UNIT         ?PR?_DELAY_1US?MAIN
            CODE    0846H     000CH     UNIT         ?C_C51STARTUP



OVERLAY MAP OF MODULE:   ..\..\com\Debug\mcu_test (?C_STARTUP)


SEGMENT
  +--> CALLED SEGMENT
---------------------
?C_C51STARTUP
  +--> ?PR?MAIN?MAIN



SYMBOL TABLE OF MODULE:  ..\..\com\Debug\mcu_test (?C_STARTUP)

  VALUE           TYPE          NAME
  ----------------------------------

  -------         MODULE        ?C_STARTUP
  C:0846H         SEGMENT       ?C_C51STARTUP
  I:0008H         SEGMENT       ?STACK
  C:0000H         PUBLIC        ?C_STARTUP
  D:00E0H         SYMBOL        ACC
  D:00F0H         SYMBOL        B
  D:0083H         SYMBOL        DPH
  D:0082H         SYMBOL        DPL
  N:0000H         SYMBOL        IBPSTACK
  N:0100H         SYMBOL        IBPSTACKTOP
BL51 BANKED LINKER/LOCATER V6.22                                                      05/14/2015  16:23:27  PAGE 2


  N:0080H         SYMBOL        IDATALEN
  C:0849H         SYMBOL        IDATALOOP
  N:0000H         SYMBOL        PBPSTACK
  N:0100H         SYMBOL        PBPSTACKTOP
  N:0000H         SYMBOL        PDATALEN
  N:0000H         SYMBOL        PDATASTART
  N:0000H         SYMBOL        PPAGE
  N:0000H         SYMBOL        PPAGEENABLE
  D:00A0H         SYMBOL        PPAGE_SFR
  D:0081H         SYMBOL        SP
  C:0846H         SYMBOL        STARTUP1
  N:0000H         SYMBOL        XBPSTACK
  N:0000H         SYMBOL        XBPSTACKTOP
  N:0000H         SYMBOL        XDATALEN
  N:0000H         SYMBOL        XDATASTART
  C:0000H         LINE#         126
  C:0846H         LINE#         133
  C:0848H         LINE#         134
  C:0849H         LINE#         135
  C:084AH         LINE#         136
  C:084CH         LINE#         185
  C:084FH         LINE#         196
  -------         ENDMOD        ?C_STARTUP

  -------         MODULE        MAIN
  C:0000H         SYMBOL        _ICE_DUMMY_
  D:0080H         PUBLIC        P0
  C:0834H         PUBLIC        _delay_1us
  C:0800H         PUBLIC        main
  -------         PROC          MAIN
  C:0800H         LINE#         7
  C:0800H         LINE#         8
  C:0800H         LINE#         15
  C:0806H         LINE#         16
  C:080BH         LINE#         18
  C:0811H         LINE#         19
  C:0816H         LINE#         21
  C:081CH         LINE#         22
  C:0821H         LINE#         24
  C:0827H         LINE#         25
  C:082CH         LINE#         30
  C:082CH         LINE#         31
  C:082CH         LINE#         32
  C:082FH         LINE#         33
  C:0832H         LINE#         67
  -------         ENDPROC       MAIN
  -------         PROC          _DELAY_1US
  D:0006H         SYMBOL        num
  -------         DO            
  D:0004H         SYMBOL        i
  -------         ENDDO         
  C:0834H         LINE#         70
  C:0834H         LINE#         71
  C:0834H         LINE#         73
  C:0845H         LINE#         74
  -------         ENDPROC       _DELAY_1US
  -------         ENDMOD        MAIN
BL51 BANKED LINKER/LOCATER V6.22                                                      05/14/2015  16:23:27  PAGE 3



*** WARNING L16: UNCALLED SEGMENT, IGNORED FOR OVERLAY PROCESS
    SEGMENT: ?PR?_DELAY_1US?MAIN

******************************************************************************
* RESTRICTED VERSION WITH 0800H BYTE CODE SIZE LIMIT; USED: 0055H BYTE ( 4%) *
******************************************************************************

Program Size: data=9.0 xdata=0 code=85
LINK/LOCATE RUN COMPLETE.  1 WARNING(S),  0 ERROR(S)
