BL51 BANKED LINKER/LOCATER V6.22                                                        06/11/2014  14:52:18  PAGE 1


BL51 BANKED LINKER/LOCATER V6.22, INVOKED BY:
D:\KEIL\C51\BIN\BL51.EXE ..\..\..\com\Debug\STARTUP.obj, ..\..\..\com\Debug\main.obj TO ..\..\..\com\Debug\mcu_test PRIN
>> T (.\mcu_test.m51) RAMSIZE (256)


MEMORY MODEL: SMALL


INPUT MODULES INCLUDED:
  ..\..\..\com\Debug\STARTUP.obj (?C_STARTUP)
  ..\..\..\com\Debug\main.obj (MAIN)


LINK MAP OF MODULE:  ..\..\..\com\Debug\mcu_test (?C_STARTUP)


            TYPE    BASE      LENGTH    RELOCATION   SEGMENT NAME
            -----------------------------------------------------

            * * * * * * *   D A T A   M E M O R Y   * * * * * * *
            REG     0000H     0008H     ABSOLUTE     "REG BANK 0"
            IDATA   0008H     0001H     UNIT         ?STACK

            * * * * * * *   C O D E   M E M O R Y   * * * * * * *
            CODE    0000H     0003H     ABSOLUTE     
            CODE    0003H     001DH     UNIT         ?PR?MAIN?MAIN
            CODE    0020H     0012H     UNIT         ?PR?ADINIT?MAIN
            CODE    0032H     000CH     UNIT         ?C_C51STARTUP



OVERLAY MAP OF MODULE:   ..\..\..\com\Debug\mcu_test (?C_STARTUP)


SEGMENT
  +--> CALLED SEGMENT
---------------------
?C_C51STARTUP
  +--> ?PR?MAIN?MAIN

?PR?MAIN?MAIN
  +--> ?PR?ADINIT?MAIN



SYMBOL TABLE OF MODULE:  ..\..\..\com\Debug\mcu_test (?C_STARTUP)

  VALUE           TYPE          NAME
  ----------------------------------

  -------         MODULE        ?C_STARTUP
  C:0032H         SEGMENT       ?C_C51STARTUP
  I:0008H         SEGMENT       ?STACK
  C:0000H         PUBLIC        ?C_STARTUP
  D:00E0H         SYMBOL        ACC
  D:00F0H         SYMBOL        B
  D:0083H         SYMBOL        DPH
  D:0082H         SYMBOL        DPL
BL51 BANKED LINKER/LOCATER V6.22                                                      06/11/2014  14:52:18  PAGE 2


  N:0000H         SYMBOL        IBPSTACK
  N:0100H         SYMBOL        IBPSTACKTOP
  N:0080H         SYMBOL        IDATALEN
  C:0035H         SYMBOL        IDATALOOP
  N:0000H         SYMBOL        PBPSTACK
  N:0100H         SYMBOL        PBPSTACKTOP
  N:0000H         SYMBOL        PDATALEN
  N:0000H         SYMBOL        PDATASTART
  N:0000H         SYMBOL        PPAGE
  N:0000H         SYMBOL        PPAGEENABLE
  D:00A0H         SYMBOL        PPAGE_SFR
  D:0081H         SYMBOL        SP
  C:0032H         SYMBOL        STARTUP1
  N:0000H         SYMBOL        XBPSTACK
  N:0000H         SYMBOL        XBPSTACKTOP
  N:0000H         SYMBOL        XDATALEN
  N:0000H         SYMBOL        XDATASTART
  C:0000H         LINE#         126
  C:0032H         LINE#         133
  C:0034H         LINE#         134
  C:0035H         LINE#         135
  C:0036H         LINE#         136
  C:0038H         LINE#         185
  C:003BH         LINE#         196
  -------         ENDMOD        ?C_STARTUP

  -------         MODULE        MAIN
  C:0000H         SYMBOL        _ICE_DUMMY_
  D:0080H         PUBLIC        P0
  D:00B0H         PUBLIC        P3
  C:0020H         PUBLIC        ADInit
  C:0003H         PUBLIC        main
  D:00D9H         PUBLIC        ADC_CONTROL
  D:00DAH         PUBLIC        ADC_CONFIG
  D:00DBH         PUBLIC        ADC_DATA_H
  -------         PROC          MAIN
  C:0003H         LINE#         11
  C:0003H         LINE#         12
  C:0003H         LINE#         13
  C:0009H         LINE#         14
  C:000EH         LINE#         22
  C:0012H         LINE#         23
  C:0017H         LINE#         24
  C:0019H         LINE#         25
  C:001BH         LINE#         27
  C:001EH         LINE#         28
  -------         ENDPROC       MAIN
  -------         PROC          ADINIT
  C:0020H         LINE#         31
  C:0020H         LINE#         32
  C:0020H         LINE#         33
  C:0023H         LINE#         34
  C:0026H         LINE#         35
  C:002BH         LINE#         36
  C:002EH         LINE#         37
  C:0031H         LINE#         38
  -------         ENDPROC       ADINIT
BL51 BANKED LINKER/LOCATER V6.22                                                      06/11/2014  14:52:18  PAGE 3


  -------         ENDMOD        MAIN

Program Size: data=9.0 xdata=0 code=62
LINK/LOCATE RUN COMPLETE.  0 WARNING(S),  0 ERROR(S)
