BL51 BANKED LINKER/LOCATER V6.22                                                        05/27/2014  13:50:24  PAGE 1


BL51 BANKED LINKER/LOCATER V6.22, INVOKED BY:
D:\KEIL\C51\BIN\BL51.EXE ..\..\..\com\Debug\STARTUP.obj, ..\..\..\com\Debug\main.obj TO ..\..\..\com\Debug\mcu_test PRIN
>> T (.\mcu_test.m51) RAMSIZE (256)


MEMORY MODEL: SMALL


INPUT MODULES INCLUDED:
  ..\..\..\com\Debug\STARTUP.obj (?C_STARTUP)
  ..\..\..\com\Debug\main.obj (MAIN)


LINK MAP OF MODULE:  ..\..\..\com\Debug\mcu_test (?C_STARTUP)


            TYPE    BASE      LENGTH    RELOCATION   SEGMENT NAME
            -----------------------------------------------------

            * * * * * * *   D A T A   M E M O R Y   * * * * * * *
            REG     0000H     0008H     ABSOLUTE     "REG BANK 0"
            IDATA   0008H     0001H     UNIT         ?STACK

            * * * * * * *   C O D E   M E M O R Y   * * * * * * *
            CODE    0000H     0003H     ABSOLUTE     
            CODE    0003H     0013H     UNIT         ?PR?T2_INIT?MAIN
            CODE    0016H     0010H     UNIT         ?PR?MAIN?MAIN
                    0026H     0005H                  *** GAP ***
            CODE    002BH     0003H     ABSOLUTE     
            CODE    002EH     000CH     UNIT         ?C_C51STARTUP
            CODE    003AH     0007H     UNIT         ?PR?TIMER0?MAIN



OVERLAY MAP OF MODULE:   ..\..\..\com\Debug\mcu_test (?C_STARTUP)


SEGMENT
  +--> CALLED SEGMENT
---------------------
?C_C51STARTUP
  +--> ?PR?MAIN?MAIN

?PR?MAIN?MAIN
  +--> ?PR?T2_INIT?MAIN



SYMBOL TABLE OF MODULE:  ..\..\..\com\Debug\mcu_test (?C_STARTUP)

  VALUE           TYPE          NAME
  ----------------------------------

  -------         MODULE        ?C_STARTUP
  C:002EH         SEGMENT       ?C_C51STARTUP
  I:0008H         SEGMENT       ?STACK
  C:0000H         PUBLIC        ?C_STARTUP
  D:00E0H         SYMBOL        ACC
BL51 BANKED LINKER/LOCATER V6.22                                                      05/27/2014  13:50:24  PAGE 2


  D:00F0H         SYMBOL        B
  D:0083H         SYMBOL        DPH
  D:0082H         SYMBOL        DPL
  N:0000H         SYMBOL        IBPSTACK
  N:0100H         SYMBOL        IBPSTACKTOP
  N:0080H         SYMBOL        IDATALEN
  C:0031H         SYMBOL        IDATALOOP
  N:0000H         SYMBOL        PBPSTACK
  N:0100H         SYMBOL        PBPSTACKTOP
  N:0000H         SYMBOL        PDATALEN
  N:0000H         SYMBOL        PDATASTART
  N:0000H         SYMBOL        PPAGE
  N:0000H         SYMBOL        PPAGEENABLE
  D:00A0H         SYMBOL        PPAGE_SFR
  D:0081H         SYMBOL        SP
  C:002EH         SYMBOL        STARTUP1
  N:0000H         SYMBOL        XBPSTACK
  N:0000H         SYMBOL        XBPSTACKTOP
  N:0000H         SYMBOL        XDATALEN
  N:0000H         SYMBOL        XDATASTART
  C:0000H         LINE#         126
  C:002EH         LINE#         133
  C:0030H         LINE#         134
  C:0031H         LINE#         135
  C:0032H         LINE#         136
  C:0034H         LINE#         185
  C:0037H         LINE#         196
  -------         ENDMOD        ?C_STARTUP

  -------         MODULE        MAIN
  C:0000H         SYMBOL        _ICE_DUMMY_
  D:0080H         PUBLIC        P0
  D:00A8H         PUBLIC        IEN0
  D:00B8H         PUBLIC        IEN1
  D:00C1H         PUBLIC        CCEN
  C:0003H         PUBLIC        T2_init
  C:0016H         PUBLIC        main
  D:00CDH         PUBLIC        TH2
  D:00CCH         PUBLIC        TL2
  C:003AH         PUBLIC        timer0
  D:00C8H         PUBLIC        T2CON
  D:00C0H         PUBLIC        IRCON
  -------         PROC          MAIN
  C:0016H         LINE#         6
  C:0016H         LINE#         7
  C:0016H         LINE#         8
  C:001CH         LINE#         9
  C:0021H         LINE#         23
  C:0024H         LINE#         29
  C:0024H         LINE#         30
  C:0024H         LINE#         32
  -------         ENDPROC       MAIN
  -------         PROC          TIMER0
  C:003AH         LINE#         34
  C:003AH         LINE#         47
  C:003DH         LINE#         48
  C:0040H         LINE#         51
BL51 BANKED LINKER/LOCATER V6.22                                                      05/27/2014  13:50:24  PAGE 3


  -------         ENDPROC       TIMER0
  -------         PROC          T2_INIT
  C:0003H         LINE#         52
  C:0003H         LINE#         53
  C:0003H         LINE#         54
  C:0006H         LINE#         55
  C:0009H         LINE#         57
  C:000CH         LINE#         58
  C:000FH         LINE#         59
  C:0012H         LINE#         60
  C:0015H         LINE#         64
  -------         ENDPROC       T2_INIT
  -------         ENDMOD        MAIN

Program Size: data=9.0 xdata=0 code=60
LINK/LOCATE RUN COMPLETE.  0 WARNING(S),  0 ERROR(S)
