BL51 BANKED LINKER/LOCATER V6.22                                                        06/03/2014  10:42:46  PAGE 1


BL51 BANKED LINKER/LOCATER V6.22, INVOKED BY:
D:\KEIL\C51\BIN\BL51.EXE ..\..\..\com\Debug\STARTUP.obj, ..\..\..\com\Debug\main.obj TO ..\..\..\com\Debug\mcu_test PRIN
>> T (.\mcu_test.m51) RAMSIZE (256)


MEMORY MODEL: SMALL


INPUT MODULES INCLUDED:
  ..\..\..\com\Debug\STARTUP.obj (?C_STARTUP)
  ..\..\..\com\Debug\main.obj (MAIN)


LINK MAP OF MODULE:  ..\..\..\com\Debug\mcu_test (?C_STARTUP)


            TYPE    BASE      LENGTH    RELOCATION   SEGMENT NAME
            -----------------------------------------------------

            * * * * * * *   D A T A   M E M O R Y   * * * * * * *
            REG     0000H     0008H     ABSOLUTE     "REG BANK 0"
            IDATA   0008H     0001H     UNIT         ?STACK

            * * * * * * *   C O D E   M E M O R Y   * * * * * * *
            CODE    0000H     0003H     ABSOLUTE     
            CODE    0003H     0020H     UNIT         ?PR?_DELAY_1US?MAIN
            CODE    0023H     0020H     UNIT         ?PR?MAIN?MAIN
            CODE    0043H     000CH     UNIT         ?C_C51STARTUP



OVERLAY MAP OF MODULE:   ..\..\..\com\Debug\mcu_test (?C_STARTUP)


SEGMENT
  +--> CALLED SEGMENT
---------------------
?C_C51STARTUP
  +--> ?PR?MAIN?MAIN

?PR?MAIN?MAIN
  +--> ?PR?_DELAY_1US?MAIN



SYMBOL TABLE OF MODULE:  ..\..\..\com\Debug\mcu_test (?C_STARTUP)

  VALUE           TYPE          NAME
  ----------------------------------

  -------         MODULE        ?C_STARTUP
  C:0043H         SEGMENT       ?C_C51STARTUP
  I:0008H         SEGMENT       ?STACK
  C:0000H         PUBLIC        ?C_STARTUP
  D:00E0H         SYMBOL        ACC
  D:00F0H         SYMBOL        B
  D:0083H         SYMBOL        DPH
  D:0082H         SYMBOL        DPL
BL51 BANKED LINKER/LOCATER V6.22                                                      06/03/2014  10:42:46  PAGE 2


  N:0000H         SYMBOL        IBPSTACK
  N:0100H         SYMBOL        IBPSTACKTOP
  N:0080H         SYMBOL        IDATALEN
  C:0046H         SYMBOL        IDATALOOP
  N:0000H         SYMBOL        PBPSTACK
  N:0100H         SYMBOL        PBPSTACKTOP
  N:0000H         SYMBOL        PDATALEN
  N:0000H         SYMBOL        PDATASTART
  N:0000H         SYMBOL        PPAGE
  N:0000H         SYMBOL        PPAGEENABLE
  D:00A0H         SYMBOL        PPAGE_SFR
  D:0081H         SYMBOL        SP
  C:0043H         SYMBOL        STARTUP1
  N:0000H         SYMBOL        XBPSTACK
  N:0000H         SYMBOL        XBPSTACKTOP
  N:0000H         SYMBOL        XDATALEN
  N:0000H         SYMBOL        XDATASTART
  C:0000H         LINE#         126
  C:0043H         LINE#         133
  C:0045H         LINE#         134
  C:0046H         LINE#         135
  C:0047H         LINE#         136
  C:0049H         LINE#         185
  C:004CH         LINE#         196
  -------         ENDMOD        ?C_STARTUP

  -------         MODULE        MAIN
  C:0000H         SYMBOL        _ICE_DUMMY_
  D:0080H         PUBLIC        P0
  C:0003H         PUBLIC        _delay_1us
  C:0023H         PUBLIC        main
  B:00B8H.6       PUBLIC        SWDT
  B:00A8H.7       PUBLIC        EAL
  D:0086H         PUBLIC        WDTREL
  B:00A8H.6       PUBLIC        WDT
  -------         PROC          _DELAY_1US
  D:0006H         SYMBOL        num
  -------         DO            
  D:0004H         SYMBOL        i
  D:0002H         SYMBOL        j
  -------         ENDDO         
  C:0003H         LINE#         5
  C:0003H         LINE#         6
  C:0003H         LINE#         8
  C:000DH         LINE#         9
  C:000DH         LINE#         10
  C:001BH         LINE#         11
  C:0022H         LINE#         12
  -------         ENDPROC       _DELAY_1US
  -------         PROC          MAIN
  C:0023H         LINE#         14
  C:0023H         LINE#         15
  C:0023H         LINE#         16
  C:0029H         LINE#         17
  C:002EH         LINE#         19
  C:0031H         LINE#         22
  C:0033H         LINE#         23
BL51 BANKED LINKER/LOCATER V6.22                                                      06/03/2014  10:42:46  PAGE 3


  C:0035H         LINE#         24
  C:0037H         LINE#         27
  C:0037H         LINE#         28
  C:0037H         LINE#         29
  C:003AH         LINE#         31
  C:0041H         LINE#         33
  -------         ENDPROC       MAIN
  -------         ENDMOD        MAIN

Program Size: data=9.0 xdata=0 code=79
LINK/LOCATE RUN COMPLETE.  0 WARNING(S),  0 ERROR(S)
